[2K[1A[2K[1A[2K[1A[2K[1A[2K[1A[2K[1A[2K[1A[2K[1A[2K[1A[2K[1A[2K[1A[2K[1A[2K[1A[2K[1A[300D[2K                                                                               
    switched to branch 'JOB-62131/JOB-77400/show-modal-dialogue-on-disablement'
                                                                               
                                                                               [300D[2K[?25h[?1002l[?1003l