[2K[1A[2K[1A[2K[1A[2K[1A[2K[1A[2K[1A[2K[1A[2K[1A[2K[1A[2K[1A[2K[1A[2K[1A[2K[1A[2K[1A[300D[2K                                 
    switched to branch 'branch-2'
                                 
                                 [300D[2K[?25h[?1002l[?1003l