[?25l
   List                                                      
                                                             
  3 items                                                    
                                                             
  > 1. JOB-62131/JOB-76475/add-location-timers-to-fms        
    2. JOB-62131/JOB-76477/store-feature-enablement          
    3. JOB-62131/JOB-77400/show-modal-dialogue-on-disablement
                                                             
                                                             
                                                             
                                                             
                                                             
                                                             
  â†‘/k up â€¢ â†“/j down â€¢ / filter â€¢ q quit â€¢ ? more             [300D[2K[?25h[?1002l[?1003l